FILE_TYPE=LIBRARY_PARTS;
PRIMITIVE 'D22V0H1U2LP_7B','D22V0H1U2LP_7B_Other';
  PIN
    'K':
      PIN_NUMBER='(1)';
      NO_LOAD_CHECK=BOTH;
      NO_IO_CHECK=BOTH;
      ALLOW_CONNECT=TRUE;
      PINUSE='UNSPEC';
    'A':
      PIN_NUMBER='(2)';
      NO_LOAD_CHECK=BOTH;
      NO_IO_CHECK=BOTH;
      ALLOW_CONNECT=TRUE;
      PINUSE='UNSPEC';
  END_PIN;
  BODY
    PART_NAME='D22V0H1U2LP_7B';
    PHYS_DES_PREFIX='D';
    NO_LOAD_CHECK='TRUE';
    PIN_COUNT='2';
    BODY_NAME='D22V0H1U2LP_7B';
    JEDEC_TYPE='D22V0H1U2LP7B';
  END_BODY;
END_PRIMITIVE;
END.
