FILE_TYPE=LIBRARY_PARTS;
PRIMITIVE 'MKP1F044706J00JSSD','MKP1F044706J00JSSD_Other';
  PIN
    '1':
      PIN_NUMBER='(1)';
      NO_LOAD_CHECK=BOTH;
      NO_IO_CHECK=BOTH;
      ALLOW_CONNECT=TRUE;
      PINUSE='UNSPEC';
    '2':
      PIN_NUMBER='(2)';
      NO_LOAD_CHECK=BOTH;
      NO_IO_CHECK=BOTH;
      ALLOW_CONNECT=TRUE;
      PINUSE='UNSPEC';
  END_PIN;
  BODY
    PART_NAME='MKP1F044706J00JSSD';
    PHYS_DES_PREFIX='C';
    NO_LOAD_CHECK='TRUE';
    PIN_COUNT='2';
    BODY_NAME='MKP1F044706J00JSSD';
    JEDEC_TYPE='MKP1F044706J00JSSD';
  END_BODY;
END_PRIMITIVE;
END.
