FILE_TYPE=LIBRARY_PARTS;
PRIMITIVE 'C5750X6S2W225K250KA','C5750X6S2W225K250KA_Other';
  PIN
    '1':
      PIN_NUMBER='(1)';
      NO_LOAD_CHECK=BOTH;
      NO_IO_CHECK=BOTH;
      ALLOW_CONNECT=TRUE;
      PINUSE='UNSPEC';
    '2':
      PIN_NUMBER='(2)';
      NO_LOAD_CHECK=BOTH;
      NO_IO_CHECK=BOTH;
      ALLOW_CONNECT=TRUE;
      PINUSE='UNSPEC';
  END_PIN;
  BODY
    PART_NAME='C5750X6S2W225K250KA';
    PHYS_DES_PREFIX='C';
    NO_LOAD_CHECK='TRUE';
    PIN_COUNT='2';
    BODY_NAME='C5750X6S2W225K250KA';
    JEDEC_TYPE='C5750_Commercial';
  END_BODY;
END_PRIMITIVE;
END.
